// Jest Snapshot v1, https://goo.gl/fbAQLP

exports[`Renders Home With the Loading Screen 1`] = `
<View
  style={
    Object {
      "alignItems": "center",
      "backgroundColor": "#fff",
      "flex": 1,
      "justifyContent": "center",
    }
  }
>
  <Text>
    Home Page
  </Text>
</View>
`;

exports[`Renders Home Without the Loading Screen 1`] = `
<View
  style={
    Object {
      "alignItems": "center",
      "backgroundColor": "#fff",
      "flex": 1,
      "justifyContent": "center",
    }
  }
>
  <Text>
    Home Page
  </Text>
</View>
`;
