// Jest Snapshot v1, https://goo.gl/fbAQLP

exports[`Renders Meditation List With the Loading Screen 1`] = `
<View
  style={
    Object {
      "alignItems": "center",
      "backgroundColor": "#fff",
      "flex": 1,
      "justifyContent": "center",
    }
  }
>
  <View
    style={
      Object {
        "alignItems": "center",
        "backgroundColor": "#fff",
        "justifyContent": "center",
      }
    }
  >
    <ActivityIndicator
      animating={true}
      color="#00A89D"
      hidesWhenStopped={true}
      size="large"
      style={
        Object {
          "transform": Array [
            Object {
              "scale": 2.5,
            },
          ],
        }
      }
    />
  </View>
</View>
`;

exports[`Renders Meditation List Without the Loading Screen 1`] = `
<View
  style={
    Object {
      "alignItems": "center",
      "backgroundColor": "#fff",
      "flex": 1,
      "justifyContent": "center",
    }
  }
>
  <View
    style={
      Object {
        "alignItems": "center",
        "backgroundColor": "#fff",
        "justifyContent": "center",
      }
    }
  >
    <ActivityIndicator
      animating={true}
      color="#00A89D"
      hidesWhenStopped={true}
      size="large"
      style={
        Object {
          "transform": Array [
            Object {
              "scale": 2.5,
            },
          ],
        }
      }
    />
  </View>
</View>
`;
